#
# There is insufficient memory for the Java Runtime Environment to continue.
# Native memory allocation (malloc) failed to allocate 65552 bytes. Error detail: Chunk::new
# Possible reasons:
#   The system is out of physical RAM or swap space
#   This process is running with CompressedOops enabled, and the Java Heap may be blocking the growth of the native heap
# Possible solutions:
#   Reduce memory load on the system
#   Increase physical memory or swap space
#   Check if swap backing store is full
#   Decrease Java heap size (-Xmx/-Xms)
#   Decrease number of Java threads
#   Decrease Java thread stack sizes (-Xss)
#   Set larger code cache with -XX:ReservedCodeCacheSize=
#   JVM is running with Unscaled Compressed Oops mode in which the Java heap is
#     placed in the first 4GB address space. The Java Heap base address is the
#     maximum limit for the native heap growth. Please use -XX:HeapBaseMinAddress
#     to set the Java Heap base and to place the Java Heap above 4GB virtual address.
# This output file may be truncated or incomplete.
#
#  Out of Memory Error (arena.cpp:168), pid=12136, tid=15592
#
# JRE version: OpenJDK Runtime Environment Temurin-21.0.11+10 (21.0.11+10) (build 21.0.11+10-LTS)
# Java VM: OpenJDK 64-Bit Server VM Temurin-21.0.11+10 (21.0.11+10-LTS, mixed mode, sharing, tiered, compressed oops, compressed class ptrs, parallel gc, windows-amd64)
# No core dump will be written. Minidumps are not enabled by default on client versions of Windows
#

---------------  S U M M A R Y ------------

Command Line: --add-modules=ALL-SYSTEM --add-opens=java.base/java.util=ALL-UNNAMED --add-opens=java.base/java.lang=ALL-UNNAMED --add-opens=java.base/sun.nio.fs=ALL-UNNAMED -Declipse.application=org.eclipse.jdt.ls.core.id1 -Dosgi.bundles.defaultStartLevel=4 -Declipse.product=org.eclipse.jdt.ls.core.product -Djava.import.generatesMetadataFilesAtProjectRoot=false -DDetectVMInstallationsJob.disabled=true -Dfile.encoding=utf8 -XX:+UseParallelGC -XX:GCTimeRatio=4 -XX:AdaptiveSizePolicyWeight=90 -Dsun.zip.disableMemoryMapping=true -Xmx2G -Xms100m -Xlog:disable -javaagent:c:\Users\fathin j\.antigravity\extensions\redhat.java-1.55.0-win32-x64\lombok\lombok-1.18.39-4050.jar c:\Users\fathin j\.antigravity\extensions\redhat.java-1.55.0-win32-x64\server\plugins\org.eclipse.equinox.launcher_1.7.200.v20260619-2039.jar -configuration c:\Users\fathin j\AppData\Roaming\Antigravity\User\globalStorage\redhat.java\1.55.0\config_ss_win -data c:\Users\fathin j\AppData\Roaming\Antigravity\User\workspaceStorage\0fa432000948ef345a8e2dcf5b7022e3\redhat.java\ss_ws --pipe=\\.\pipe\lsp-f7b5cf37d7af256c13f0622c0bc8ef09-sock

Host: AMD Ryzen 5 5500U with Radeon Graphics         , 12 cores, 15G,  Windows 11 , 64 bit Build 26100 (10.0.26100.9168)
Time: Thu Aug 27 11:13:40 2026 SE Asia Standard Time elapsed time: 1.393951 seconds (0d 0h 0m 1s)

---------------  T H R E A D  ---------------

Current thread (0x00000206e5f47160):  JavaThread "C2 CompilerThread1" daemon [_thread_in_native, id=15592, stack(0x000000ddeca00000,0x000000ddecb00000) (1024K)]


Current CompileTask:
C2:1394  693       4       lombok.patcher.scripts.MethodLevelPatchScript::patch (21 bytes)

Stack: [0x000000ddeca00000,0x000000ddecb00000]
Native frames: (J=compiled Java code, j=interpreted, Vv=VM code, C=native code)
V  [jvm.dll+0x6d7e19]
V  [jvm.dll+0x8b5096]
V  [jvm.dll+0x8b764e]
V  [jvm.dll+0x8b7d33]
V  [jvm.dll+0x284596]
V  [jvm.dll+0xc685d]
V  [jvm.dll+0xc6da1]
V  [jvm.dll+0xc6985]
V  [jvm.dll+0x6b2edc]
V  [jvm.dll+0x664bd1]
V  [jvm.dll+0x24c57b]
V  [jvm.dll+0x24bce0]
V  [jvm.dll+0x1cb4ae]
V  [jvm.dll+0x25baad]
V  [jvm.dll+0x25a03a]
V  [jvm.dll+0x3f868e]
V  [jvm.dll+0x85fb0d]
V  [jvm.dll+0x6d664d]
C  [ucrtbase.dll+0x2cd30]
C  [KERNEL32.DLL+0x2ccb7]
C  [ntdll.dll+0xaad6c]


---------------  P R O C E S S  ---------------

Threads class SMR info:
_java_thread_list=0x00000206eb0320f0, length=13, elements={
0x000002068acc1060, 0x00000206a36797b0, 0x000002068ad7d2f0, 0x00000206a367b870,
0x00000206a367c760, 0x00000206a367f690, 0x00000206a36816e0, 0x00000206a3687930,
0x00000206a368a7a0, 0x00000206e5dedb30, 0x00000206e5f1a320, 0x00000206e5f47160,
0x00000206eb194080
}

Java Threads: ( => current thread )
  0x000002068acc1060 JavaThread "main"                              [_thread_in_native, id=27356, stack(0x000000ddebc00000,0x000000ddebd00000) (1024K)]
  0x00000206a36797b0 JavaThread "Reference Handler"          daemon [_thread_blocked, id=11496, stack(0x000000ddec000000,0x000000ddec100000) (1024K)]
  0x000002068ad7d2f0 JavaThread "Finalizer"                  daemon [_thread_blocked, id=35304, stack(0x000000ddec100000,0x000000ddec200000) (1024K)]
  0x00000206a367b870 JavaThread "Signal Dispatcher"          daemon [_thread_blocked, id=3856, stack(0x000000ddec200000,0x000000ddec300000) (1024K)]
  0x00000206a367c760 JavaThread "Attach Listener"            daemon [_thread_blocked, id=15992, stack(0x000000ddec300000,0x000000ddec400000) (1024K)]
  0x00000206a367f690 JavaThread "Service Thread"             daemon [_thread_blocked, id=17500, stack(0x000000ddec400000,0x000000ddec500000) (1024K)]
  0x00000206a36816e0 JavaThread "Monitor Deflation Thread"   daemon [_thread_blocked, id=28020, stack(0x000000ddec500000,0x000000ddec600000) (1024K)]
  0x00000206a3687930 JavaThread "C2 CompilerThread0"         daemon [_thread_in_native, id=7988, stack(0x000000ddec600000,0x000000ddec700000) (1024K)]
  0x00000206a368a7a0 JavaThread "C1 CompilerThread0"         daemon [_thread_blocked, id=5372, stack(0x000000ddec700000,0x000000ddec800000) (1024K)]
  0x00000206e5dedb30 JavaThread "Common-Cleaner"             daemon [_thread_blocked, id=27376, stack(0x000000ddec800000,0x000000ddec900000) (1024K)]
  0x00000206e5f1a320 JavaThread "Notification Thread"        daemon [_thread_blocked, id=15688, stack(0x000000ddec900000,0x000000ddeca00000) (1024K)]
=>0x00000206e5f47160 JavaThread "C2 CompilerThread1"         daemon [_thread_in_native, id=15592, stack(0x000000ddeca00000,0x000000ddecb00000) (1024K)]
  0x00000206eb194080 JavaThread "C2 CompilerThread2"         daemon [_thread_in_native, id=36784, stack(0x000000ddecb00000,0x000000ddecc00000) (1024K)]
Total: 13

Other Threads:
  0x00000206a3672d00 VMThread "VM Thread"                           [id=35864, stack(0x000000ddebf00000,0x000000ddec000000) (1024K)]
  0x00000206a356ca00 WatcherThread "VM Periodic Task Thread"        [id=22732, stack(0x000000ddebe00000,0x000000ddebf00000) (1024K)]
  0x000002068acdfb40 WorkerThread "GC Thread#0"                     [id=29324, stack(0x000000ddebd00000,0x000000ddebe00000) (1024K)]
Total: 3

Threads with active compile tasks:
C2 CompilerThread0  1457  671       4       lombok.patcher.PatchScript::classMatches (41 bytes)
C2 CompilerThread1  1457  693       4       lombok.patcher.scripts.MethodLevelPatchScript::patch (21 bytes)
C2 CompilerThread2  1457  754 %     4       sun.security.provider.SHA2::implCompress0 @ 204 (448 bytes)
Total: 3

VM state: not at safepoint (normal execution)

VM Mutex/Monitor currently owned by a thread: None

Heap address: 0x0000000080000000, size: 2048 MB, Compressed Oops mode: 32-bit

CDS archive(s) mapped at: [0x00000206a4000000-0x00000206a4ba0000-0x00000206a4ba0000), size 12189696, SharedBaseAddress: 0x00000206a4000000, ArchiveRelocationMode: 1.
Compressed class space mapped at: 0x00000206a5000000-0x00000206e5000000, reserved size: 1073741824
Narrow klass base: 0x00000206a4000000, Narrow klass shift: 0, Narrow klass range: 0x100000000

GC Precious Log:
 CardTable entry size: 512
 CPUs: 12 total, 12 available
 Memory: 15694M
 Large Page Support: Disabled
 NUMA Support: Disabled
 Compressed Oops: Enabled (32-bit)
 Alignments: Space 512K, Generation 512K, Heap 2M
 Heap Min Capacity: 100M
 Heap Initial Capacity: 100M
 Heap Max Capacity: 2G
 Pre-touch: Disabled
 Parallel Workers: 10

Heap:
 PSYoungGen      total 29696K, used 15650K [0x00000000d5580000, 0x00000000d7680000, 0x0000000100000000)
  eden space 25600K, 61% used [0x00000000d5580000,0x00000000d64c8a18,0x00000000d6e80000)
  from space 4096K, 0% used [0x00000000d7280000,0x00000000d7280000,0x00000000d7680000)
  to   space 4096K, 0% used [0x00000000d6e80000,0x00000000d6e80000,0x00000000d7280000)
 ParOldGen       total 68608K, used 0K [0x0000000080000000, 0x0000000084300000, 0x00000000d5580000)
  object space 68608K, 0% used [0x0000000080000000,0x0000000080000000,0x0000000084300000)
 Metaspace       used 3069K, committed 3264K, reserved 1114112K
  class space    used 314K, committed 448K, reserved 1048576K

Card table byte_map: [0x000002069e9a0000,0x000002069edb0000] _byte_map_base: 0x000002069e5a0000

Marking Bits: (ParMarkBitMap*) 0x00007ffc2e8c4460
 Begin Bits: [0x000002069f060000, 0x00000206a1060000)
 End Bits:   [0x00000206a1060000, 0x00000206a3060000)

Polling page: 0x000002068b0a0000

Metaspace:

Usage:
  Non-class:      2.69 MB used.
      Class:    314.19 KB used.
       Both:      3.00 MB used.

Virtual space:
  Non-class space:       64.00 MB reserved,       2.75 MB (  4%) committed,  1 nodes.
      Class space:        1.00 GB reserved,     448.00 KB ( <1%) committed,  1 nodes.
             Both:        1.06 GB reserved,       3.19 MB ( <1%) committed. 

Chunk freelists:
   Non-Class:  11.57 MB
       Class:  15.54 MB
        Both:  27.11 MB

MaxMetaspaceSize: unlimited
CompressedClassSpaceSize: 1.00 GB
Initial GC threshold: 21.00 MB
Current GC threshold: 21.00 MB
CDS: on
 - commit_granule_bytes: 65536.
 - commit_granule_words: 8192.
 - virtual_space_node_default_size: 8388608.
 - enlarge_chunks_in_place: 1.
 - use_allocation_guard: 0.


Internal statistics:

num_allocs_failed_limit: 0.
num_arena_births: 84.
num_arena_deaths: 0.
num_vsnodes_births: 2.
num_vsnodes_deaths: 0.
num_space_committed: 51.
num_space_uncommitted: 0.
num_chunks_returned_to_freelist: 0.
num_chunks_taken_from_freelist: 113.
num_chunk_merges: 0.
num_chunk_splits: 77.
num_chunks_enlarged: 48.
num_inconsistent_stats: 0.

CodeHeap 'non-profiled nmethods': size=120000Kb used=268Kb max_used=268Kb free=119732Kb
 bounds [0x0000020697290000, 0x0000020697500000, 0x000002069e7c0000]
CodeHeap 'profiled nmethods': size=120000Kb used=1194Kb max_used=1194Kb free=118805Kb
 bounds [0x000002068f7c0000, 0x000002068fa30000, 0x0000020696cf0000]
CodeHeap 'non-nmethods': size=5760Kb used=1184Kb max_used=1197Kb free=4576Kb
 bounds [0x0000020696cf0000, 0x0000020696f60000, 0x0000020697290000]
CodeCache: size=245760Kb, used=2646Kb, max_used=2659Kb, free=243113Kb
 total_blobs=1204, nmethods=761, adapters=350, full_count=0
Compilation: enabled, stopped_count=0, restarted_count=0

Compilation events (20 events):
Event: 1.360 Thread 0x00000206a368a7a0 nmethod 709 0x000002068f8c7c90 code [0x000002068f8c7e40, 0x000002068f8c8080]
Event: 1.360 Thread 0x00000206a368a7a0  710       3       java.math.BigInteger::mulAdd (19 bytes)
Event: 1.361 Thread 0x00000206a368a7a0 nmethod 710 0x000002068f8c8210 code [0x000002068f8c83c0, 0x000002068f8c8558]
Event: 1.361 Thread 0x00000206a368a7a0  711       3       java.math.BigInteger::implMulAddCheck (176 bytes)
Event: 1.363 Thread 0x00000206a368a7a0 nmethod 711 0x000002068f8c8610 code [0x000002068f8c8a60, 0x000002068f8ca290]
Event: 1.363 Thread 0x00000206a368a7a0  712       3       java.math.BigInteger::addOne (77 bytes)
Event: 1.363 Thread 0x00000206a368a7a0 nmethod 712 0x000002068f8cac90 code [0x000002068f8cae60, 0x000002068f8cb1a0]
Event: 1.371 Thread 0x00000206a368a7a0  714       3       java.lang.invoke.LambdaForm$NamedFunction::returnType (11 bytes)
Event: 1.372 Thread 0x00000206a368a7a0 nmethod 714 0x000002068f8cb310 code [0x000002068f8cb520, 0x000002068f8cba38]
Event: 1.372 Thread 0x00000206a368a7a0  715       3       java.lang.invoke.InvokerBytecodeGenerator::getInternalName (103 bytes)
Event: 1.373 Thread 0x00000206a368a7a0 nmethod 715 0x000002068f8cbc90 code [0x000002068f8cbea0, 0x000002068f8cc340]
Event: 1.373 Thread 0x00000206a368a7a0  716       3       sun.security.util.DerValue::isPrintableStringChar (184 bytes)
Event: 1.373 Thread 0x00000206a368a7a0 nmethod 716 0x000002068f8cc490 code [0x000002068f8cc640, 0x000002068f8ccb38]
Event: 1.373 Thread 0x00000206a368a7a0  717       3       java.lang.Character::isWhitespace (5 bytes)
Event: 1.374 Thread 0x00000206a368a7a0 nmethod 717 0x000002068f8ccc10 code [0x000002068f8ccde0, 0x000002068f8cd038]
Event: 1.374 Thread 0x00000206a368a7a0  719       3       java.lang.Integer::stringSize (47 bytes)
Event: 1.374 Thread 0x00000206a368a7a0 nmethod 719 0x000002068f8cd110 code [0x000002068f8cd2c0, 0x000002068f8cd500]
Event: 1.374 Thread 0x00000206a368a7a0  720       3       java.lang.Integer::getChars (121 bytes)
Event: 1.375 Thread 0x00000206a368a7a0 nmethod 720 0x000002068f8cd610 code [0x000002068f8cd7e0, 0x000002068f8cdc08]
Event: 1.375 Thread 0x00000206a368a7a0  721       3       java.lang.CharacterDataLatin1::isWhitespace (23 bytes)

GC Heap History (0 events):
No events

Dll operation events (8 events):
Event: 0.156 Loaded shared library c:\Users\fathin j\.antigravity\extensions\redhat.java-1.55.0-win32-x64\jre\21.0.11-win32-x86_64\bin\java.dll
Event: 0.290 Loaded shared library c:\Users\fathin j\.antigravity\extensions\redhat.java-1.55.0-win32-x64\jre\21.0.11-win32-x86_64\bin\zip.dll
Event: 0.340 Loaded shared library C:\Users\fathin j\.antigravity\extensions\redhat.java-1.55.0-win32-x64\jre\21.0.11-win32-x86_64\bin\instrument.dll
Event: 0.353 Loaded shared library C:\Users\fathin j\.antigravity\extensions\redhat.java-1.55.0-win32-x64\jre\21.0.11-win32-x86_64\bin\net.dll
Event: 0.359 Loaded shared library C:\Users\fathin j\.antigravity\extensions\redhat.java-1.55.0-win32-x64\jre\21.0.11-win32-x86_64\bin\nio.dll
Event: 0.367 Loaded shared library C:\Users\fathin j\.antigravity\extensions\redhat.java-1.55.0-win32-x64\jre\21.0.11-win32-x86_64\bin\zip.dll
Event: 0.410 Loaded shared library C:\Users\fathin j\.antigravity\extensions\redhat.java-1.55.0-win32-x64\jre\21.0.11-win32-x86_64\bin\jimage.dll
Event: 0.733 Loaded shared library c:\Users\fathin j\.antigravity\extensions\redhat.java-1.55.0-win32-x64\jre\21.0.11-win32-x86_64\bin\verify.dll

Deoptimization events (20 events):
Event: 1.063 Thread 0x000002068acc1060 DEOPT PACKING pc=0x000002068f805f98 sp=0x000000ddebcfb240
Event: 1.063 Thread 0x000002068acc1060 DEOPT UNPACKING pc=0x0000020696d44242 sp=0x000000ddebcfa700 mode 0
Event: 1.069 Thread 0x000002068acc1060 DEOPT PACKING pc=0x000002068f805f98 sp=0x000000ddebcfb240
Event: 1.069 Thread 0x000002068acc1060 DEOPT UNPACKING pc=0x0000020696d44242 sp=0x000000ddebcfa700 mode 0
Event: 1.095 Thread 0x000002068acc1060 Uncommon trap: trap_request=0xffffff45 fr.pc=0x00000206972a0004 relative=0x00000000000007c4
Event: 1.095 Thread 0x000002068acc1060 Uncommon trap: reason=unstable_if action=reinterpret pc=0x00000206972a0004 method=java.util.HashMap.putVal(ILjava/lang/Object;Ljava/lang/Object;ZZ)Ljava/lang/Object; @ 181 c2
Event: 1.095 Thread 0x000002068acc1060 DEOPT PACKING pc=0x00000206972a0004 sp=0x000000ddebcfe0b0
Event: 1.095 Thread 0x000002068acc1060 DEOPT UNPACKING pc=0x0000020696d43aa2 sp=0x000000ddebcfe040 mode 2
Event: 1.166 Thread 0x000002068acc1060 Uncommon trap: trap_request=0xffffff45 fr.pc=0x00000206972c3aec relative=0x000000000000014c
Event: 1.167 Thread 0x000002068acc1060 Uncommon trap: reason=unstable_if action=reinterpret pc=0x00000206972c3aec method=jdk.internal.util.ArraysSupport.vectorizedHashCode(Ljava/lang/Object;IIII)I @ 2 c2
Event: 1.167 Thread 0x000002068acc1060 DEOPT PACKING pc=0x00000206972c3aec sp=0x000000ddebcfd1e0
Event: 1.167 Thread 0x000002068acc1060 DEOPT UNPACKING pc=0x0000020696d43aa2 sp=0x000000ddebcfd190 mode 2
Event: 1.192 Thread 0x000002068acc1060 Uncommon trap: trap_request=0xffffff45 fr.pc=0x00000206972b57d0 relative=0x00000000000000b0
Event: 1.192 Thread 0x000002068acc1060 Uncommon trap: reason=unstable_if action=reinterpret pc=0x00000206972b57d0 method=java.net.URI.match(CJJ)Z @ 45 c2
Event: 1.192 Thread 0x000002068acc1060 DEOPT PACKING pc=0x00000206972b57d0 sp=0x000000ddebcfd360
Event: 1.192 Thread 0x000002068acc1060 DEOPT UNPACKING pc=0x0000020696d43aa2 sp=0x000000ddebcfd2c8 mode 2
Event: 1.342 Thread 0x000002068acc1060 Uncommon trap: trap_request=0xffffff45 fr.pc=0x00000206972b21a4 relative=0x0000000000000184
Event: 1.342 Thread 0x000002068acc1060 Uncommon trap: reason=unstable_if action=reinterpret pc=0x00000206972b21a4 method=java.lang.StringUTF16.compress([CI[BII)I @ 20 c2
Event: 1.342 Thread 0x000002068acc1060 DEOPT PACKING pc=0x00000206972b21a4 sp=0x000000ddebcfbff0
Event: 1.342 Thread 0x000002068acc1060 DEOPT UNPACKING pc=0x0000020696d43aa2 sp=0x000000ddebcfbf60 mode 2

Classes loaded (20 events):
Event: 1.350 Loading class sun/security/pkcs/PKCS8Key
Event: 1.350 Loading class sun/security/util/InternalPrivateKey
Event: 1.350 Loading class sun/security/util/InternalPrivateKey done
Event: 1.350 Loading class sun/security/pkcs/PKCS8Key done
Event: 1.350 Loading class sun/security/rsa/RSAPrivateKeyImpl done
Event: 1.350 Loading class sun/security/rsa/RSAPrivateCrtKeyImpl
Event: 1.351 Loading class java/security/interfaces/RSAPrivateCrtKey
Event: 1.351 Loading class java/security/interfaces/RSAPrivateCrtKey done
Event: 1.351 Loading class sun/security/rsa/RSAPrivateCrtKeyImpl done
Event: 1.351 Loading class sun/security/rsa/RSACore
Event: 1.352 Loading class sun/security/rsa/RSACore done
Event: 1.352 Loading class sun/security/rsa/RSAPadding
Event: 1.352 Loading class sun/security/rsa/RSAPadding done
Event: 1.353 Loading class java/math/MutableBigInteger
Event: 1.354 Loading class java/math/MutableBigInteger done
Event: 1.374 Loading class sun/security/provider/certpath/X509CertPath
Event: 1.374 Loading class java/security/cert/CertPath
Event: 1.375 Loading class java/security/cert/CertPath done
Event: 1.375 Loading class sun/security/provider/certpath/X509CertPath done
Event: 1.375 Loading class sun/security/timestamp/TimestampToken

Classes unloaded (0 events):
No events

Classes redefined (0 events):
No events

Internal exceptions (12 events):
Event: 0.280 Thread 0x000002068acc1060 Exception <a 'java/lang/NoSuchMethodError'{0x00000000d57a9868}: 'void java.lang.invoke.DirectMethodHandle$Holder.invokeStatic(java.lang.Object, java.lang.Object, java.lang.Object)'> (0x00000000d57a9868) 
thrown [s\src\hotspot\share\interpreter\linkResolver.cpp, line 773]
Event: 0.394 Thread 0x000002068acc1060 Exception <a 'java/lang/NoSuchMethodError'{0x00000000d5914678}: 'java.lang.Object java.lang.invoke.Invokers$Holder.invokeExact_MT(java.lang.Object, java.lang.Object, java.lang.Object, java.lang.Object, java.lang.Object)'> (0x00000000d5914678) 
thrown [s\src\hotspot\share\interpreter\linkResolver.cpp, line 773]
Event: 0.487 Thread 0x000002068acc1060 Exception <a 'java/lang/NoSuchMethodError'{0x00000000d59d0750}: 'int java.lang.invoke.DirectMethodHandle$Holder.invokeSpecial(java.lang.Object, java.lang.Object, java.lang.Object, int)'> (0x00000000d59d0750) 
thrown [s\src\hotspot\share\interpreter\linkResolver.cpp, line 773]
Event: 0.497 Thread 0x000002068acc1060 Exception <a 'java/lang/NoSuchMethodError'{0x00000000d59e3138}: 'java.lang.Object java.lang.invoke.DirectMethodHandle$Holder.invokeStatic(java.lang.Object, java.lang.Object, java.lang.Object, java.lang.Object, int)'> (0x00000000d59e3138) 
thrown [s\src\hotspot\share\interpreter\linkResolver.cpp, line 773]
Event: 0.502 Thread 0x000002068acc1060 Exception <a 'java/lang/NoSuchMethodError'{0x00000000d59ee578}: 'void java.lang.invoke.DelegatingMethodHandle$Holder.reinvoke_L(java.lang.Object, java.lang.Object, java.lang.Object, int, java.lang.Object)'> (0x00000000d59ee578) 
thrown [s\src\hotspot\share\interpreter\linkResolver.cpp, line 773]
Event: 0.504 Thread 0x000002068acc1060 Exception <a 'java/lang/NoSuchMethodError'{0x00000000d59f1fb0}: 'int java.lang.invoke.DirectMethodHandle$Holder.invokeSpecial(java.lang.Object, java.lang.Object, java.lang.Object)'> (0x00000000d59f1fb0) 
thrown [s\src\hotspot\share\interpreter\linkResolver.cpp, line 773]
Event: 0.525 Thread 0x000002068acc1060 Exception <a 'java/lang/NoSuchMethodError'{0x00000000d5a0aca0}: 'java.lang.Object java.lang.invoke.DirectMethodHandle$Holder.invokeStatic(java.lang.Object, java.lang.Object, int)'> (0x00000000d5a0aca0) 
thrown [s\src\hotspot\share\interpreter\linkResolver.cpp, line 773]
Event: 0.529 Thread 0x000002068acc1060 Exception <a 'java/lang/NoSuchMethodError'{0x00000000d5a0f5f0}: 'void java.lang.invoke.DirectMethodHandle$Holder.invokeStatic(java.lang.Object, java.lang.Object, int, java.lang.Object)'> (0x00000000d5a0f5f0) 
thrown [s\src\hotspot\share\interpreter\linkResolver.cpp, line 773]
Event: 0.531 Thread 0x000002068acc1060 Exception <a 'java/lang/NoSuchMethodError'{0x00000000d5a13180}: 'void java.lang.invoke.DirectMethodHandle$Holder.invokeSpecial(java.lang.Object, java.lang.Object, java.lang.Object, int, java.lang.Object)'> (0x00000000d5a13180) 
thrown [s\src\hotspot\share\interpreter\linkResolver.cpp, line 773]
Event: 0.532 Thread 0x000002068acc1060 Exception <a 'java/lang/NoSuchMethodError'{0x00000000d5a16830}: 'void java.lang.invoke.DelegatingMethodHandle$Holder.delegate(java.lang.Object, java.lang.Object, int, java.lang.Object)'> (0x00000000d5a16830) 
thrown [s\src\hotspot\share\interpreter\linkResolver.cpp, line 773]
Event: 0.816 Thread 0x000002068acc1060 Exception <a 'java/lang/NoSuchMethodError'{0x00000000d5be2448}: 'void java.lang.invoke.DelegatingMethodHandle$Holder.reinvoke_L(java.lang.Object, java.lang.Object, java.lang.Object, int)'> (0x00000000d5be2448) 
thrown [s\src\hotspot\share\interpreter\linkResolver.cpp, line 773]
Event: 1.147 Thread 0x000002068acc1060 Exception <a 'java/lang/NoSuchMethodError'{0x00000000d6080870}: 'void java.lang.invoke.DirectMethodHandle$Holder.invokeVirtual(java.lang.Object, java.lang.Object)'> (0x00000000d6080870) 
thrown [s\src\hotspot\share\interpreter\linkResolver.cpp, line 773]

ZGC Phase Switch (0 events):
No events

VM Operations (4 events):
Event: 0.286 Executing non-safepoint VM operation: HandshakeAllThreads (Deoptimize)
Event: 0.286 Executing non-safepoint VM operation: HandshakeAllThreads (Deoptimize) done
Event: 0.437 Executing non-safepoint VM operation: HandshakeAllThreads (Deoptimize)
Event: 0.437 Executing non-safepoint VM operation: HandshakeAllThreads (Deoptimize) done

Memory protections (0 events):
No events

Nmethod flushes (0 events):
No events

Events (16 events):
Event: 0.183 Thread 0x000002068acc1060 Thread added: 0x000002068acc1060
Event: 0.215 Thread 0x000002068acc1060 Thread added: 0x00000206a36797b0
Event: 0.215 Thread 0x000002068acc1060 Thread added: 0x000002068ad7d2f0
Event: 0.216 Thread 0x000002068acc1060 Thread added: 0x00000206a367b870
Event: 0.216 Thread 0x000002068acc1060 Thread added: 0x00000206a367c760
Event: 0.216 Thread 0x000002068acc1060 Thread added: 0x00000206a367f690
Event: 0.216 Thread 0x000002068acc1060 Thread added: 0x00000206a36816e0
Event: 0.216 Thread 0x000002068acc1060 Thread added: 0x00000206a3687930
Event: 0.217 Thread 0x000002068acc1060 Thread added: 0x00000206a368a7a0
Event: 0.345 Thread 0x000002068acc1060 Thread added: 0x00000206e5dedb30
Event: 0.616 Thread 0x00000206a368a7a0 Thread added: 0x00000206e5eb3450
Event: 0.617 Thread 0x00000206a368a7a0 Thread added: 0x00000206e5e7e240
Event: 0.736 Thread 0x00000206e5e7e240 Thread exited: 0x00000206e5e7e240
Event: 0.753 Thread 0x00000206e5eb3450 Thread exited: 0x00000206e5eb3450
Event: 1.009 Thread 0x000002068acc1060 Thread added: 0x00000206e5f1a320
Event: 1.109 Thread 0x00000206a368a7a0 Thread added: 0x00000206e5f47160


Dynamic libraries:
0x00007ff7abcf0000 - 0x00007ff7abcfe000 	c:\Users\fathin j\.antigravity\extensions\redhat.java-1.55.0-win32-x64\jre\21.0.11-win32-x86_64\bin\java.exe
0x00007ffcebd60000 - 0x00007ffcebfc6000 	C:\WINDOWS\SYSTEM32\ntdll.dll
0x00007ffcead60000 - 0x00007ffceae29000 	C:\WINDOWS\System32\KERNEL32.DLL
0x00007ffce9240000 - 0x00007ffce963f000 	C:\WINDOWS\System32\KERNELBASE.dll
0x00007ffce90e0000 - 0x00007ffce922c000 	C:\WINDOWS\System32\ucrtbase.dll
0x00007ffcc2210000 - 0x00007ffcc2228000 	c:\Users\fathin j\.antigravity\extensions\redhat.java-1.55.0-win32-x64\jre\21.0.11-win32-x86_64\bin\jli.dll
0x00007ffceaa70000 - 0x00007ffceac36000 	C:\WINDOWS\System32\USER32.dll
0x00007ffce97e0000 - 0x00007ffce9807000 	C:\WINDOWS\System32\win32u.dll
0x00007ffce9a90000 - 0x00007ffce9abb000 	C:\WINDOWS\System32\GDI32.dll
0x00007ffce9810000 - 0x00007ffce9939000 	C:\WINDOWS\System32\gdi32full.dll
0x00007ffccda10000 - 0x00007ffccdca1000 	C:\WINDOWS\WinSxS\amd64_microsoft.windows.common-controls_6595b64144ccf1df_6.0.26100.8972_none_3e0da176e32f9d4b\COMCTL32.dll
0x00007ffce3b60000 - 0x00007ffce3b7e000 	c:\Users\fathin j\.antigravity\extensions\redhat.java-1.55.0-win32-x64\jre\21.0.11-win32-x86_64\bin\VCRUNTIME140.dll
0x00007ffce9ea0000 - 0x00007ffce9f49000 	C:\WINDOWS\System32\msvcrt.dll
0x00007ffce9030000 - 0x00007ffce90d3000 	C:\WINDOWS\System32\msvcp_win.dll
0x00007ffce9c30000 - 0x00007ffce9c62000 	C:\WINDOWS\System32\IMM32.DLL
0x00007ffce3f00000 - 0x00007ffce3f0c000 	c:\Users\fathin j\.antigravity\extensions\redhat.java-1.55.0-win32-x64\jre\21.0.11-win32-x86_64\bin\vcruntime140_1.dll
0x00007ffc798c0000 - 0x00007ffc7994d000 	c:\Users\fathin j\.antigravity\extensions\redhat.java-1.55.0-win32-x64\jre\21.0.11-win32-x86_64\bin\msvcp140.dll
0x00007ffc2dc00000 - 0x00007ffc2e9a2000 	c:\Users\fathin j\.antigravity\extensions\redhat.java-1.55.0-win32-x64\jre\21.0.11-win32-x86_64\bin\server\jvm.dll
0x00007ffcebc50000 - 0x00007ffcebd0c000 	C:\WINDOWS\System32\ADVAPI32.dll
0x00007ffceae30000 - 0x00007ffceaeda000 	C:\WINDOWS\System32\sechost.dll
0x00007ffce9d80000 - 0x00007ffce9e98000 	C:\WINDOWS\System32\RPCRT4.dll
0x00007ffceaf10000 - 0x00007ffceaf92000 	C:\WINDOWS\System32\WS2_32.dll
0x00007ffce8dd0000 - 0x00007ffce8e2e000 	C:\WINDOWS\SYSTEM32\POWRPROF.dll
0x00007ffce1f50000 - 0x00007ffce1f5b000 	C:\WINDOWS\SYSTEM32\VERSION.dll
0x00007ffce1f10000 - 0x00007ffce1f46000 	C:\WINDOWS\SYSTEM32\WINMM.dll
0x00007ffce8db0000 - 0x00007ffce8dc5000 	C:\WINDOWS\SYSTEM32\UMPDC.dll
0x00007ffce7c60000 - 0x00007ffce7c7b000 	C:\WINDOWS\SYSTEM32\kernel.appcore.dll
0x00007ffcd3290000 - 0x00007ffcd329a000 	c:\Users\fathin j\.antigravity\extensions\redhat.java-1.55.0-win32-x64\jre\21.0.11-win32-x86_64\bin\jimage.dll
0x00007ffcdc9e0000 - 0x00007ffcdcc22000 	C:\WINDOWS\SYSTEM32\DBGHELP.DLL
0x00007ffcea6e0000 - 0x00007ffceaa65000 	C:\WINDOWS\System32\combase.dll
0x00007ffce9c90000 - 0x00007ffce9d69000 	C:\WINDOWS\System32\OLEAUT32.dll
0x00007ffcce940000 - 0x00007ffcce97b000 	C:\WINDOWS\SYSTEM32\dbgcore.DLL
0x00007ffce8f70000 - 0x00007ffce901c000 	C:\WINDOWS\System32\bcryptPrimitives.dll
0x00007ffcb26b0000 - 0x00007ffcb26bf000 	c:\Users\fathin j\.antigravity\extensions\redhat.java-1.55.0-win32-x64\jre\21.0.11-win32-x86_64\bin\instrument.dll
0x00007ffca8de0000 - 0x00007ffca8e00000 	c:\Users\fathin j\.antigravity\extensions\redhat.java-1.55.0-win32-x64\jre\21.0.11-win32-x86_64\bin\java.dll
0x00007ffce9f50000 - 0x00007ffcea6d8000 	C:\WINDOWS\System32\SHELL32.dll
0x00007ffce6a20000 - 0x00007ffce72bb000 	C:\WINDOWS\SYSTEM32\windows.storage.dll
0x00007ffcebb50000 - 0x00007ffcebc49000 	C:\WINDOWS\System32\SHCORE.dll
0x00007ffceafb0000 - 0x00007ffceb016000 	C:\WINDOWS\System32\shlwapi.dll
0x00007ffce8e90000 - 0x00007ffce8eb9000 	C:\WINDOWS\SYSTEM32\profapi.dll
0x00007ffca14f0000 - 0x00007ffca1508000 	c:\Users\fathin j\.antigravity\extensions\redhat.java-1.55.0-win32-x64\jre\21.0.11-win32-x86_64\bin\zip.dll
0x00007ffcc2190000 - 0x00007ffcc21a0000 	C:\Users\fathin j\.antigravity\extensions\redhat.java-1.55.0-win32-x64\jre\21.0.11-win32-x86_64\bin\net.dll
0x00007ffcdf770000 - 0x00007ffcdf898000 	C:\WINDOWS\SYSTEM32\WINHTTP.dll
0x00007ffce8210000 - 0x00007ffce827c000 	C:\WINDOWS\system32\mswsock.dll
0x00007ffca12b0000 - 0x00007ffca12c6000 	C:\Users\fathin j\.antigravity\extensions\redhat.java-1.55.0-win32-x64\jre\21.0.11-win32-x86_64\bin\nio.dll
0x00007ffcb25c0000 - 0x00007ffcb25d0000 	c:\Users\fathin j\.antigravity\extensions\redhat.java-1.55.0-win32-x64\jre\21.0.11-win32-x86_64\bin\verify.dll

JVMTI agents:
c:\Users\fathin j\.antigravity\extensions\redhat.java-1.55.0-win32-x64\lombok\lombok-1.18.39-4050.jar path:c:\Users\fathin j\.antigravity\extensions\redhat.java-1.55.0-win32-x64\jre\21.0.11-win32-x86_64\bin\instrument.dll, loaded, initialized, instrumentlib options:none

dbghelp: loaded successfully - version: 4.0.5 - missing functions: none
symbol engine: initialized successfully - sym options: 0x614 - pdb path: .;c:\Users\fathin j\.antigravity\extensions\redhat.java-1.55.0-win32-x64\jre\21.0.11-win32-x86_64\bin;C:\WINDOWS\SYSTEM32;C:\WINDOWS\WinSxS\amd64_microsoft.windows.common-controls_6595b64144ccf1df_6.0.26100.8972_none_3e0da176e32f9d4b;c:\Users\fathin j\.antigravity\extensions\redhat.java-1.55.0-win32-x64\jre\21.0.11-win32-x86_64\bin\server

VM Arguments:
jvm_args: --add-modules=ALL-SYSTEM --add-opens=java.base/java.util=ALL-UNNAMED --add-opens=java.base/java.lang=ALL-UNNAMED --add-opens=java.base/sun.nio.fs=ALL-UNNAMED -Declipse.application=org.eclipse.jdt.ls.core.id1 -Dosgi.bundles.defaultStartLevel=4 -Declipse.product=org.eclipse.jdt.ls.core.product -Djava.import.generatesMetadataFilesAtProjectRoot=false -DDetectVMInstallationsJob.disabled=true -Dfile.encoding=utf8 -XX:+UseParallelGC -XX:GCTimeRatio=4 -XX:AdaptiveSizePolicyWeight=90 -Dsun.zip.disableMemoryMapping=true -Xmx2G -Xms100m -Xlog:disable -javaagent:c:\Users\fathin j\.antigravity\extensions\redhat.java-1.55.0-win32-x64\lombok\lombok-1.18.39-4050.jar 
java_command: c:\Users\fathin j\.antigravity\extensions\redhat.java-1.55.0-win32-x64\server\plugins\org.eclipse.equinox.launcher_1.7.200.v20260619-2039.jar -configuration c:\Users\fathin j\AppData\Roaming\Antigravity\User\globalStorage\redhat.java\1.55.0\config_ss_win -data c:\Users\fathin j\AppData\Roaming\Antigravity\User\workspaceStorage\0fa432000948ef345a8e2dcf5b7022e3\redhat.java\ss_ws --pipe=\\.\pipe\lsp-f7b5cf37d7af256c13f0622c0bc8ef09-sock
java_class_path (initial): c:\Users\fathin j\.antigravity\extensions\redhat.java-1.55.0-win32-x64\server\plugins\org.eclipse.equinox.launcher_1.7.200.v20260619-2039.jar
Launcher Type: SUN_STANDARD

[Global flags]
    uintx AdaptiveSizePolicyWeight                 = 90                                        {product} {command line}
     intx CICompilerCount                          = 4                                         {product} {ergonomic}
    uintx GCTimeRatio                              = 4                                         {product} {command line}
   size_t InitialHeapSize                          = 104857600                                 {product} {command line}
   size_t MaxHeapSize                              = 2147483648                                {product} {command line}
   size_t MaxNewSize                               = 715653120                                 {product} {ergonomic}
   size_t MinHeapDeltaBytes                        = 524288                                    {product} {ergonomic}
   size_t MinHeapSize                              = 104857600                                 {product} {command line}
   size_t NewSize                                  = 34603008                                  {product} {ergonomic}
    uintx NonNMethodCodeHeapSize                   = 5839372                                {pd product} {ergonomic}
    uintx NonProfiledCodeHeapSize                  = 122909434                              {pd product} {ergonomic}
   size_t OldSize                                  = 70254592                                  {product} {ergonomic}
    uintx ProfiledCodeHeapSize                     = 122909434                              {pd product} {ergonomic}
    uintx ReservedCodeCacheSize                    = 251658240                              {pd product} {ergonomic}
     bool SegmentedCodeCache                       = true                                      {product} {ergonomic}
   size_t SoftMaxHeapSize                          = 2147483648                             {manageable} {ergonomic}
     bool UseCompressedOops                        = true                           {product lp64_product} {ergonomic}
     bool UseLargePagesIndividualAllocation        = false                                  {pd product} {ergonomic}
     bool UseParallelGC                            = true                                      {product} {command line}

Logging:
Log output configuration:
 #0: stdout all=off uptime,level,tags foldmultilines=false
 #1: stderr all=off uptime,level,tags foldmultilines=false

Release file:
JAVA_VERSION="21.0.11" 
MODULES="java.base java.compiler java.datatransfer java.xml java.prefs java.desktop java.instrument java.logging java.management java.security.sasl java.naming java.rmi java.management.rmi java.net.http java.scripting java.security.jgss java.transaction.xa java.sql java.sql.rowset java.xml.crypto java.se java.smartcardio jdk.accessibility jdk.internal.jvmstat jdk.attach jdk.charsets jdk.internal.opt jdk.zipfs jdk.compiler jdk.crypto.ec jdk.crypto.cryptoki jdk.crypto.mscapi jdk.dynalink jdk.internal.ed jdk.editpad jdk.hotspot.agent jdk.httpserver jdk.internal.le jdk.internal.vm.ci jdk.internal.vm.compiler jdk.internal.vm.compiler.management jdk.jartool jdk.javadoc jdk.jcmd jdk.management jdk.management.agent jdk.jconsole jdk.jdeps jdk.jdwp.agent jdk.jdi jdk.jfr jdk.jshell jdk.jsobject jdk.jstatd jdk.localedata jdk.management.jfr jdk.naming.dns jdk.naming.rmi jdk.net jdk.nio.mapmode jdk.random jdk.sctp jdk.security.auth jdk.security.jgss jdk.unsupported jdk.unsupported.desktop jdk.xml.dom" 

Environment Variables:
PATH=C:\Program Files\Eclipse Adoptium\jdk-21.0.8.9-hotspot\bin;C:\Program Files (x86)\VMware\VMware Workstation\bin\;C:\WINDOWS\system32;C:\WINDOWS;C:\WINDOWS\System32\Wbem;C:\WINDOWS\System32\WindowsPowerShell\v1.0\;C:\WINDOWS\System32\OpenSSH\;C:\Program Files\Microsoft SQL Server\150\Tools\Binn\;C:\Program Files\Microsoft SQL Server\Client SDK\ODBC\170\Tools\Binn\;C:\Program Files (x86)\Microsoft SQL Server\160\DTS\Binn\;C:\Program Files (x86)\Microsoft SQL Server\160\Tools\Binn\;C:\Program Files\Microsoft SQL Server\160\Tools\Binn\;C:\Program Files\Microsoft SQL Server\160\DTS\Binn\;C:\Program Files\Git\cmd;C:\Program Files\nodejs\;C:\ProgramData\ComposerSetup\bin;C:\Program Files\Docker\Docker\resources\bin;C:\php\php-8.4.12-Win32-vs17-x64;;C:\ProgramData\chocolatey\bin;C:\Program Files\dotnet\;C:\Users\fathin j\AppData\Local\Muse Hub\lib;C:\Users\fathin j\AppData\Local\agy\bin;C:\laragon\bin;C:\laragon\bin\apache\httpd-2.4.62-240904-win64-VS17\bin;C:\laragon\bin\composer;C:\laragon\bin\git\bin;C:\laragon\bin\git\cmd;C:\laragon\bin\git\mingw64\bin;C:\laragon\bin\git\usr\bin;C:\laragon\bin\laragon\utils;C:\laragon\bin\nginx\nginx-1.22.0;C:\laragon\bin\ngrok;C:\laragon\bin\nodejs\node-v18;C:\laragon\bin\notepad++;C:\laragon\bin\php\php-8.4.3-Win32-vs17-x64;C:\laragon\bin\python\python-3.10;C:\laragon\bin\python\python-3.10\Scripts;C:\laragon\bin\redis\redis-x64-5.0.14.1;C:\laragon\bin\telnet;C:\laragon\usr\bin;C:\Users\fathin j\AppData\Local\Yarn\config\global\node_modules\.bin;C:\Users\fathin j\AppData\Roaming\Composer\vendor\bin;C:\Users\fathin j\AppData\Roaming\npm;C:\Users\fathin j\AppData\Local\Programs\Python\Python312\Scripts\;C:\Users\fathin j\AppData\Local\Programs\Python\Python312\;C:\Users\fathin j\AppData\Local\Programs\Python\Launcher\;C:\Users\fathin j\AppData\Local\Microsoft\WindowsApps;C:\Users\fathin j\AppData\Local\Programs\Microsoft VS Code\bin;C:\Users\fathin j\AppData\Local\Programs\Antigravity\bin;C:\Users\fathin j\develop\flutter\bin;C:\Users\fathin j\Downloads\ngrok-v3-stable-windows-amd64;C:\Program Files\Sublime Text;C:\Users\fathin j\AppData\Local\Muse Hub\lib;C:\Users\fathin j\AppData\Local\Programs\Kiro\bin;C:\Users\fathin j\AppData\Local\Programs\Windsurf\bin;C:\Users\fathin j\AppData\Local\Microsoft\WinGet\Packages\Genymobile.scrcpy_Microsoft.Winget.Source_8wekyb3d8bbwe\scrcpy-win64-v3.3.4;C:\Users\fathin j\AppData\Local\Programs\Antigravity IDE\bin;C:\Users\fathin j\AppData\Local\cursor-agent;C:\Users\fathin j\AppData\Local\Kiro-Cli\;C:\Users\fathin j\AppData\Local\Kingsoft\WPS Office\12.1.0.27458\clitool;C:\Users\fathin j\AppData\Local\Programs\cursor\resources\app\bin
USERNAME=fathin j
OS=Windows_NT
PROCESSOR_IDENTIFIER=AMD64 Family 23 Model 104 Stepping 1, AuthenticAMD
TMP=C:\Users\FATHIN~1\AppData\Local\Temp
TEMP=C:\Users\FATHIN~1\AppData\Local\Temp




Periodic native trim disabled

---------------  S Y S T E M  ---------------

OS:
 Windows 11 , 64 bit Build 26100 (10.0.26100.9168)
OS uptime: 8 days 1:42 hours
Hyper-V role detected

CPU: total 12 (initial active 12) (12 cores per cpu, 2 threads per core) family 23 model 104 stepping 1 microcode 0x8608104, cx8, cmov, fxsr, ht, mmx, 3dnowpref, sse, sse2, sse3, ssse3, sse4a, sse4.1, sse4.2, popcnt, lzcnt, tsc, tscinvbit, avx, avx2, aes, clmul, bmi1, bmi2, adx, sha, fma, vzeroupper, clflush, clflushopt, hv, rdtscp, rdpid, f16c
Processor Information for the first 12 processors :
  Max Mhz: 2100, Current Mhz: 1686, Mhz Limit: 2100

Memory: 4k page, system-wide physical 15694M (1913M free)
TotalPageFile size 29808M (AvailPageFile size 214M)
current process WorkingSet (physical memory assigned to process): 66M, peak: 66M
current process commit charge ("private bytes"): 240M, peak: 240M

vm_info: OpenJDK 64-Bit Server VM (21.0.11+10-LTS) for windows-amd64 JRE (21.0.11+10-LTS), built on 2026-04-21T00:00:00Z by "admin" with MS VC++ 17.12 (VS2022)

END.
