#
# There is insufficient memory for the Java Runtime Environment to continue.
# Native memory allocation (malloc) failed to allocate 1048576 bytes. Error detail: AllocateHeap
# Possible reasons:
#   The system is out of physical RAM or swap space
#   This process is running with CompressedOops enabled, and the Java Heap may be blocking the growth of the native heap
# Possible solutions:
#   Reduce memory load on the system
#   Increase physical memory or swap space
#   Check if swap backing store is full
#   Decrease Java heap size (-Xmx/-Xms)
#   Decrease number of Java threads
#   Decrease Java thread stack sizes (-Xss)
#   Set larger code cache with -XX:ReservedCodeCacheSize=
#   JVM is running with Unscaled Compressed Oops mode in which the Java heap is
#     placed in the first 4GB address space. The Java Heap base address is the
#     maximum limit for the native heap growth. Please use -XX:HeapBaseMinAddress
#     to set the Java Heap base and to place the Java Heap above 4GB virtual address.
# This output file may be truncated or incomplete.
#
#  Out of Memory Error (allocation.cpp:44), pid=26860, tid=30656
#
# JRE version:  (21.0.11+10) (build )
# Java VM: OpenJDK 64-Bit Server VM (21.0.11+10-LTS, mixed mode, sharing, tiered, compressed oops, compressed class ptrs, parallel gc, windows-amd64)
# No core dump will be written. Minidumps are not enabled by default on client versions of Windows
#

---------------  S U M M A R Y ------------

Command Line: --add-modules=ALL-SYSTEM --add-opens=java.base/java.util=ALL-UNNAMED --add-opens=java.base/java.lang=ALL-UNNAMED --add-opens=java.base/sun.nio.fs=ALL-UNNAMED -Declipse.application=org.eclipse.jdt.ls.core.id1 -Dosgi.bundles.defaultStartLevel=4 -Declipse.product=org.eclipse.jdt.ls.core.product -Djava.import.generatesMetadataFilesAtProjectRoot=false -DDetectVMInstallationsJob.disabled=true -Dfile.encoding=utf8 -XX:+UseParallelGC -XX:GCTimeRatio=4 -XX:AdaptiveSizePolicyWeight=90 -Dsun.zip.disableMemoryMapping=true -Xmx2G -Xms100m -Xlog:disable -javaagent:c:\Users\fathin j\.antigravity\extensions\redhat.java-1.55.0-win32-x64\lombok\lombok-1.18.39-4050.jar -XX:+HeapDumpOnOutOfMemoryError -XX:HeapDumpPath=c:\Users\fathin j\AppData\Roaming\Antigravity\User\workspaceStorage\0fa432000948ef345a8e2dcf5b7022e3\redhat.java -Daether.dependencyCollector.impl=bf c:\Users\fathin j\.antigravity\extensions\redhat.java-1.55.0-win32-x64\server\plugins\org.eclipse.equinox.launcher_1.7.200.v20260619-2039.jar -configuration c:\Users\fathin j\AppData\Roaming\Antigravity\User\globalStorage\redhat.java\1.55.0\config_win -data c:\Users\fathin j\AppData\Roaming\Antigravity\User\workspaceStorage\0fa432000948ef345a8e2dcf5b7022e3\redhat.java\jdt_ws --pipe=\\.\pipe\lsp-542cef8f8abf21f9063298315e80343a-sock

Host: AMD Ryzen 5 5500U with Radeon Graphics         , 12 cores, 15G,  Windows 11 , 64 bit Build 26100 (10.0.26100.9168)
Time: Thu Aug 27 11:13:40 2026 SE Asia Standard Time elapsed time: 0.254200 seconds (0d 0h 0m 0s)

---------------  T H R E A D  ---------------

Current thread (0x000001e9e6613c50):  JavaThread "Unknown thread" [_thread_in_vm, id=30656, stack(0x0000009943f00000,0x0000009944000000) (1024K)]

Stack: [0x0000009943f00000,0x0000009944000000]
Native frames: (J=compiled Java code, j=interpreted, Vv=VM code, C=native code)
V  [jvm.dll+0x6d7e19]
V  [jvm.dll+0x8b5096]
V  [jvm.dll+0x8b764e]
V  [jvm.dll+0x8b7d33]
V  [jvm.dll+0x284596]
V  [jvm.dll+0xc13c7]
V  [jvm.dll+0x70bdc2]
V  [jvm.dll+0x70cafc]
V  [jvm.dll+0x6e69b3]
V  [jvm.dll+0x87f6ec]
V  [jvm.dll+0x3c4b2c]
V  [jvm.dll+0x8683db]
V  [jvm.dll+0x457c41]
V  [jvm.dll+0x459831]
C  [jli.dll+0x52dc]
C  [ucrtbase.dll+0x2cd30]
C  [KERNEL32.DLL+0x2ccb7]
C  [ntdll.dll+0xaad6c]


---------------  P R O C E S S  ---------------

Threads class SMR info:
_java_thread_list=0x000001e9e6640d00, length=1, elements={
0x000001e9e6613c50
}

Java Threads: ( => current thread )
=>0x000001e9e6613c50 JavaThread "Unknown thread"             [_thread_in_vm, id=30656, stack(0x0000009943f00000,0x0000009944000000) (1024K)]
Total: 1

Other Threads:
  0x000001e9fcf9ca00 WatcherThread "VM Periodic Task Thread"        [id=4700, stack(0x0000009944100000,0x0000009944200000) (1024K)]
  0x000001e9e66335a0 WorkerThread "GC Thread#0"                     [id=3580, stack(0x0000009944000000,0x0000009944100000) (1024K)]
Total: 2

Threads with active compile tasks:
Total: 0

VM state: not at safepoint (normal execution)

VM Mutex/Monitor currently owned by a thread: None

Heap address: 0x0000000080000000, size: 2048 MB, Compressed Oops mode: 32-bit

CDS archive(s) mapped at: [0x000001e980000000-0x000001e980ba0000-0x000001e980ba0000), size 12189696, SharedBaseAddress: 0x000001e980000000, ArchiveRelocationMode: 1.
Compressed class space mapped at: 0x000001e981000000-0x000001e9c1000000, reserved size: 1073741824
Narrow klass base: 0x000001e980000000, Narrow klass shift: 0, Narrow klass range: 0x100000000

GC Precious Log:
 CardTable entry size: 512
 CPUs: 12 total, 12 available
 Memory: 15694M
 Large Page Support: Disabled
 NUMA Support: Disabled
 Compressed Oops: Enabled (32-bit)
 Alignments: Space 512K, Generation 512K, Heap 2M
 Heap Min Capacity: 100M
 Heap Initial Capacity: 100M
 Heap Max Capacity: 2G
 Pre-touch: Disabled
 Parallel Workers: 10

Heap:
 PSYoungGen      total 29696K, used 512K [0x00000000d5580000, 0x00000000d7680000, 0x0000000100000000)
  eden space 25600K, 2% used [0x00000000d5580000,0x00000000d5600020,0x00000000d6e80000)
  from space 4096K, 0% used [0x00000000d7280000,0x00000000d7280000,0x00000000d7680000)
  to   space 4096K, 0% used [0x00000000d6e80000,0x00000000d6e80000,0x00000000d7280000)
 ParOldGen       total 68608K, used 0K [0x0000000080000000, 0x0000000084300000, 0x00000000d5580000)
  object space 68608K, 0% used [0x0000000080000000,0x0000000080000000,0x0000000084300000)
 Metaspace       used 0K, committed 0K, reserved 1048576K
  class space    used 0K, committed 0K, reserved 1048576K

Card table byte_map: [0x000001e9e5fe0000,0x000001e9e63f0000] _byte_map_base: 0x000001e9e5be0000

Marking Bits: (ParMarkBitMap*) 0x00007ffc2e8c4460
 Begin Bits: [0x000001e9f8ac0000, 0x000001e9faac0000)
 End Bits:   [0x000001e9faac0000, 0x000001e9fcac0000)

Polling page: 0x000001e9e5dd0000

Metaspace:

Usage:
  Non-class:      0 bytes used.
      Class:      0 bytes used.
       Both:      0 bytes used.

Virtual space:
  Non-class space:        0 bytes reserved,       0 bytes (  ?%) committed,  0 nodes.
      Class space:        1.00 GB reserved,       0 bytes (  0%) committed,  1 nodes.
             Both:        1.00 GB reserved,       0 bytes (  0%) committed. 

Chunk freelists:
   Non-Class:  0 bytes
       Class:  16.00 MB
        Both:  16.00 MB

MaxMetaspaceSize: unlimited
CompressedClassSpaceSize: 1.00 GB
Initial GC threshold: 21.00 MB
Current GC threshold: 17179869184.00 GB
CDS: on
 - commit_granule_bytes: 65536.
 - commit_granule_words: 8192.
 - virtual_space_node_default_size: 8388608.
 - enlarge_chunks_in_place: 1.
 - use_allocation_guard: 0.


Internal statistics:

num_allocs_failed_limit: 0.
num_arena_births: 0.
num_arena_deaths: 0.
num_vsnodes_births: 1.
num_vsnodes_deaths: 0.
num_space_committed: 0.
num_space_uncommitted: 0.
num_chunks_returned_to_freelist: 0.
num_chunks_taken_from_freelist: 1.
num_chunk_merges: 0.
num_chunk_splits: 1.
num_chunks_enlarged: 0.
num_inconsistent_stats: 0.

CodeHeap 'non-profiled nmethods': size=120000Kb used=0Kb max_used=0Kb free=120000Kb
 bounds [0x000001e9f12e0000, 0x000001e9f1550000, 0x000001e9f8810000]
CodeHeap 'profiled nmethods': size=120000Kb used=0Kb max_used=0Kb free=120000Kb
 bounds [0x000001e9e9810000, 0x000001e9e9a80000, 0x000001e9f0d40000]
CodeHeap 'non-nmethods': size=5760Kb used=194Kb max_used=342Kb free=5565Kb
 bounds [0x000001e9f0d40000, 0x000001e9f0fb0000, 0x000001e9f12e0000]
CodeCache: size=245760Kb, used=194Kb, max_used=342Kb, free=245565Kb
 total_blobs=70, nmethods=0, adapters=48, full_count=0
Compilation: enabled, stopped_count=0, restarted_count=0

Compilation events (0 events):
No events

GC Heap History (0 events):
No events

Dll operation events (1 events):
Event: 0.029 Loaded shared library c:\Users\fathin j\.antigravity\extensions\redhat.java-1.55.0-win32-x64\jre\21.0.11-win32-x86_64\bin\java.dll

Deoptimization events (0 events):
No events

Classes loaded (0 events):
No events

Classes unloaded (0 events):
No events

Classes redefined (0 events):
No events

Internal exceptions (0 events):
No events

ZGC Phase Switch (0 events):
No events

VM Operations (0 events):
No events

Memory protections (0 events):
No events

Nmethod flushes (0 events):
No events

Events (1 events):
Event: 0.176 Thread 0x000001e9e6613c50 Thread added: 0x000001e9e6613c50


Dynamic libraries:
0x00007ff7abcf0000 - 0x00007ff7abcfe000 	c:\Users\fathin j\.antigravity\extensions\redhat.java-1.55.0-win32-x64\jre\21.0.11-win32-x86_64\bin\java.exe
0x00007ffcebd60000 - 0x00007ffcebfc6000 	C:\WINDOWS\SYSTEM32\ntdll.dll
0x00007ffcead60000 - 0x00007ffceae29000 	C:\WINDOWS\System32\KERNEL32.DLL
0x00007ffce9240000 - 0x00007ffce963f000 	C:\WINDOWS\System32\KERNELBASE.dll
0x00007ffce90e0000 - 0x00007ffce922c000 	C:\WINDOWS\System32\ucrtbase.dll
0x00007ffce3b60000 - 0x00007ffce3b7e000 	c:\Users\fathin j\.antigravity\extensions\redhat.java-1.55.0-win32-x64\jre\21.0.11-win32-x86_64\bin\VCRUNTIME140.dll
0x00007ffcc2210000 - 0x00007ffcc2228000 	c:\Users\fathin j\.antigravity\extensions\redhat.java-1.55.0-win32-x64\jre\21.0.11-win32-x86_64\bin\jli.dll
0x00007ffceaa70000 - 0x00007ffceac36000 	C:\WINDOWS\System32\USER32.dll
0x00007ffce97e0000 - 0x00007ffce9807000 	C:\WINDOWS\System32\win32u.dll
0x00007ffccda10000 - 0x00007ffccdca1000 	C:\WINDOWS\WinSxS\amd64_microsoft.windows.common-controls_6595b64144ccf1df_6.0.26100.8972_none_3e0da176e32f9d4b\COMCTL32.dll
0x00007ffce9a90000 - 0x00007ffce9abb000 	C:\WINDOWS\System32\GDI32.dll
0x00007ffce9ea0000 - 0x00007ffce9f49000 	C:\WINDOWS\System32\msvcrt.dll
0x00007ffce9810000 - 0x00007ffce9939000 	C:\WINDOWS\System32\gdi32full.dll
0x00007ffce9030000 - 0x00007ffce90d3000 	C:\WINDOWS\System32\msvcp_win.dll
0x00007ffce9c30000 - 0x00007ffce9c62000 	C:\WINDOWS\System32\IMM32.DLL
0x00007ffce3f00000 - 0x00007ffce3f0c000 	c:\Users\fathin j\.antigravity\extensions\redhat.java-1.55.0-win32-x64\jre\21.0.11-win32-x86_64\bin\vcruntime140_1.dll
0x00007ffc798c0000 - 0x00007ffc7994d000 	c:\Users\fathin j\.antigravity\extensions\redhat.java-1.55.0-win32-x64\jre\21.0.11-win32-x86_64\bin\msvcp140.dll
0x00007ffc2dc00000 - 0x00007ffc2e9a2000 	c:\Users\fathin j\.antigravity\extensions\redhat.java-1.55.0-win32-x64\jre\21.0.11-win32-x86_64\bin\server\jvm.dll
0x00007ffcebc50000 - 0x00007ffcebd0c000 	C:\WINDOWS\System32\ADVAPI32.dll
0x00007ffceae30000 - 0x00007ffceaeda000 	C:\WINDOWS\System32\sechost.dll
0x00007ffce9d80000 - 0x00007ffce9e98000 	C:\WINDOWS\System32\RPCRT4.dll
0x00007ffceaf10000 - 0x00007ffceaf92000 	C:\WINDOWS\System32\WS2_32.dll
0x00007ffce8dd0000 - 0x00007ffce8e2e000 	C:\WINDOWS\SYSTEM32\POWRPROF.dll
0x00007ffce1f10000 - 0x00007ffce1f46000 	C:\WINDOWS\SYSTEM32\WINMM.dll
0x00007ffce1f50000 - 0x00007ffce1f5b000 	C:\WINDOWS\SYSTEM32\VERSION.dll
0x00007ffce8db0000 - 0x00007ffce8dc5000 	C:\WINDOWS\SYSTEM32\UMPDC.dll
0x00007ffce7c60000 - 0x00007ffce7c7b000 	C:\WINDOWS\SYSTEM32\kernel.appcore.dll
0x00007ffcd3290000 - 0x00007ffcd329a000 	c:\Users\fathin j\.antigravity\extensions\redhat.java-1.55.0-win32-x64\jre\21.0.11-win32-x86_64\bin\jimage.dll
0x00007ffcdc9e0000 - 0x00007ffcdcc22000 	C:\WINDOWS\SYSTEM32\DBGHELP.DLL
0x00007ffcea6e0000 - 0x00007ffceaa65000 	C:\WINDOWS\System32\combase.dll
0x00007ffce9c90000 - 0x00007ffce9d69000 	C:\WINDOWS\System32\OLEAUT32.dll
0x00007ffcce940000 - 0x00007ffcce97b000 	C:\WINDOWS\SYSTEM32\dbgcore.DLL
0x00007ffce8f70000 - 0x00007ffce901c000 	C:\WINDOWS\System32\bcryptPrimitives.dll
0x00007ffcb26b0000 - 0x00007ffcb26bf000 	c:\Users\fathin j\.antigravity\extensions\redhat.java-1.55.0-win32-x64\jre\21.0.11-win32-x86_64\bin\instrument.dll
0x00007ffca8de0000 - 0x00007ffca8e00000 	c:\Users\fathin j\.antigravity\extensions\redhat.java-1.55.0-win32-x64\jre\21.0.11-win32-x86_64\bin\java.dll

JVMTI agents:
c:\Users\fathin j\.antigravity\extensions\redhat.java-1.55.0-win32-x64\lombok\lombok-1.18.39-4050.jar path:none, loaded, not initialized, instrumentlib options:none

dbghelp: loaded successfully - version: 4.0.5 - missing functions: none
symbol engine: initialized successfully - sym options: 0x614 - pdb path: .;c:\Users\fathin j\.antigravity\extensions\redhat.java-1.55.0-win32-x64\jre\21.0.11-win32-x86_64\bin;C:\WINDOWS\SYSTEM32;C:\WINDOWS\WinSxS\amd64_microsoft.windows.common-controls_6595b64144ccf1df_6.0.26100.8972_none_3e0da176e32f9d4b;c:\Users\fathin j\.antigravity\extensions\redhat.java-1.55.0-win32-x64\jre\21.0.11-win32-x86_64\bin\server

VM Arguments:
jvm_args: --add-modules=ALL-SYSTEM --add-opens=java.base/java.util=ALL-UNNAMED --add-opens=java.base/java.lang=ALL-UNNAMED --add-opens=java.base/sun.nio.fs=ALL-UNNAMED -Declipse.application=org.eclipse.jdt.ls.core.id1 -Dosgi.bundles.defaultStartLevel=4 -Declipse.product=org.eclipse.jdt.ls.core.product -Djava.import.generatesMetadataFilesAtProjectRoot=false -DDetectVMInstallationsJob.disabled=true -Dfile.encoding=utf8 -XX:+UseParallelGC -XX:GCTimeRatio=4 -XX:AdaptiveSizePolicyWeight=90 -Dsun.zip.disableMemoryMapping=true -Xmx2G -Xms100m -Xlog:disable -javaagent:c:\Users\fathin j\.antigravity\extensions\redhat.java-1.55.0-win32-x64\lombok\lombok-1.18.39-4050.jar -XX:+HeapDumpOnOutOfMemoryError -XX:HeapDumpPath=c:\Users\fathin j\AppData\Roaming\Antigravity\User\workspaceStorage\0fa432000948ef345a8e2dcf5b7022e3\redhat.java -Daether.dependencyCollector.impl=bf 
java_command: c:\Users\fathin j\.antigravity\extensions\redhat.java-1.55.0-win32-x64\server\plugins\org.eclipse.equinox.launcher_1.7.200.v20260619-2039.jar -configuration c:\Users\fathin j\AppData\Roaming\Antigravity\User\globalStorage\redhat.java\1.55.0\config_win -data c:\Users\fathin j\AppData\Roaming\Antigravity\User\workspaceStorage\0fa432000948ef345a8e2dcf5b7022e3\redhat.java\jdt_ws --pipe=\\.\pipe\lsp-542cef8f8abf21f9063298315e80343a-sock
java_class_path (initial): c:\Users\fathin j\.antigravity\extensions\redhat.java-1.55.0-win32-x64\server\plugins\org.eclipse.equinox.launcher_1.7.200.v20260619-2039.jar
Launcher Type: SUN_STANDARD

[Global flags]
    uintx AdaptiveSizePolicyWeight                 = 90                                        {product} {command line}
     intx CICompilerCount                          = 4                                         {product} {ergonomic}
    uintx GCTimeRatio                              = 4                                         {product} {command line}
     bool HeapDumpOnOutOfMemoryError               = true                                   {manageable} {command line}
    ccstr HeapDumpPath                             = c:\Users\fathin j\AppData\Roaming\Antigravity\User\workspaceStorage\0fa432000948ef345a8e2dcf5b7022e3\redhat.java         {manageable} {command line}
   size_t InitialHeapSize                          = 104857600                                 {product} {command line}
   size_t MaxHeapSize                              = 2147483648                                {product} {command line}
   size_t MaxNewSize                               = 715653120                                 {product} {ergonomic}
   size_t MinHeapDeltaBytes                        = 524288                                    {product} {ergonomic}
   size_t MinHeapSize                              = 104857600                                 {product} {command line}
   size_t NewSize                                  = 34603008                                  {product} {ergonomic}
    uintx NonNMethodCodeHeapSize                   = 5839372                                {pd product} {ergonomic}
    uintx NonProfiledCodeHeapSize                  = 122909434                              {pd product} {ergonomic}
   size_t OldSize                                  = 70254592                                  {product} {ergonomic}
    uintx ProfiledCodeHeapSize                     = 122909434                              {pd product} {ergonomic}
    uintx ReservedCodeCacheSize                    = 251658240                              {pd product} {ergonomic}
     bool SegmentedCodeCache                       = true                                      {product} {ergonomic}
   size_t SoftMaxHeapSize                          = 2147483648                             {manageable} {ergonomic}
     bool UseCompressedOops                        = true                           {product lp64_product} {ergonomic}
     bool UseLargePagesIndividualAllocation        = false                                  {pd product} {ergonomic}
     bool UseParallelGC                            = true                                      {product} {command line}

Logging:
Log output configuration:
 #0: stdout all=off uptime,level,tags foldmultilines=false
 #1: stderr all=off uptime,level,tags foldmultilines=false

Release file:
<release file has not been read>
Environment Variables:
PATH=C:\Program Files\Eclipse Adoptium\jdk-21.0.8.9-hotspot\bin;C:\Program Files (x86)\VMware\VMware Workstation\bin\;C:\WINDOWS\system32;C:\WINDOWS;C:\WINDOWS\System32\Wbem;C:\WINDOWS\System32\WindowsPowerShell\v1.0\;C:\WINDOWS\System32\OpenSSH\;C:\Program Files\Microsoft SQL Server\150\Tools\Binn\;C:\Program Files\Microsoft SQL Server\Client SDK\ODBC\170\Tools\Binn\;C:\Program Files (x86)\Microsoft SQL Server\160\DTS\Binn\;C:\Program Files (x86)\Microsoft SQL Server\160\Tools\Binn\;C:\Program Files\Microsoft SQL Server\160\Tools\Binn\;C:\Program Files\Microsoft SQL Server\160\DTS\Binn\;C:\Program Files\Git\cmd;C:\Program Files\nodejs\;C:\ProgramData\ComposerSetup\bin;C:\Program Files\Docker\Docker\resources\bin;C:\php\php-8.4.12-Win32-vs17-x64;;C:\ProgramData\chocolatey\bin;C:\Program Files\dotnet\;C:\Users\fathin j\AppData\Local\Muse Hub\lib;C:\Users\fathin j\AppData\Local\agy\bin;C:\laragon\bin;C:\laragon\bin\apache\httpd-2.4.62-240904-win64-VS17\bin;C:\laragon\bin\composer;C:\laragon\bin\git\bin;C:\laragon\bin\git\cmd;C:\laragon\bin\git\mingw64\bin;C:\laragon\bin\git\usr\bin;C:\laragon\bin\laragon\utils;C:\laragon\bin\nginx\nginx-1.22.0;C:\laragon\bin\ngrok;C:\laragon\bin\nodejs\node-v18;C:\laragon\bin\notepad++;C:\laragon\bin\php\php-8.4.3-Win32-vs17-x64;C:\laragon\bin\python\python-3.10;C:\laragon\bin\python\python-3.10\Scripts;C:\laragon\bin\redis\redis-x64-5.0.14.1;C:\laragon\bin\telnet;C:\laragon\usr\bin;C:\Users\fathin j\AppData\Local\Yarn\config\global\node_modules\.bin;C:\Users\fathin j\AppData\Roaming\Composer\vendor\bin;C:\Users\fathin j\AppData\Roaming\npm;C:\Users\fathin j\AppData\Local\Programs\Python\Python312\Scripts\;C:\Users\fathin j\AppData\Local\Programs\Python\Python312\;C:\Users\fathin j\AppData\Local\Programs\Python\Launcher\;C:\Users\fathin j\AppData\Local\Microsoft\WindowsApps;C:\Users\fathin j\AppData\Local\Programs\Microsoft VS Code\bin;C:\Users\fathin j\AppData\Local\Programs\Antigravity\bin;C:\Users\fathin j\develop\flutter\bin;C:\Users\fathin j\Downloads\ngrok-v3-stable-windows-amd64;C:\Program Files\Sublime Text;C:\Users\fathin j\AppData\Local\Muse Hub\lib;C:\Users\fathin j\AppData\Local\Programs\Kiro\bin;C:\Users\fathin j\AppData\Local\Programs\Windsurf\bin;C:\Users\fathin j\AppData\Local\Microsoft\WinGet\Packages\Genymobile.scrcpy_Microsoft.Winget.Source_8wekyb3d8bbwe\scrcpy-win64-v3.3.4;C:\Users\fathin j\AppData\Local\Programs\Antigravity IDE\bin;C:\Users\fathin j\AppData\Local\cursor-agent;C:\Users\fathin j\AppData\Local\Kiro-Cli\;C:\Users\fathin j\AppData\Local\Kingsoft\WPS Office\12.1.0.27458\clitool;C:\Users\fathin j\AppData\Local\Programs\cursor\resources\app\bin
USERNAME=fathin j
OS=Windows_NT
PROCESSOR_IDENTIFIER=AMD64 Family 23 Model 104 Stepping 1, AuthenticAMD
TMP=C:\Users\FATHIN~1\AppData\Local\Temp
TEMP=C:\Users\FATHIN~1\AppData\Local\Temp




Periodic native trim disabled

---------------  S Y S T E M  ---------------

OS:
 Windows 11 , 64 bit Build 26100 (10.0.26100.9168)
OS uptime: 8 days 1:42 hours
Hyper-V role detected

CPU: total 12 (initial active 12) (12 cores per cpu, 2 threads per core) family 23 model 104 stepping 1 microcode 0x8608104, cx8, cmov, fxsr, ht, mmx, 3dnowpref, sse, sse2, sse3, ssse3, sse4a, sse4.1, sse4.2, popcnt, lzcnt, tsc, tscinvbit, avx, avx2, aes, clmul, bmi1, bmi2, adx, sha, fma, vzeroupper, clflush, clflushopt, hv, rdtscp, rdpid, f16c
Processor Information for the first 12 processors :
  Max Mhz: 2100, Current Mhz: 1686, Mhz Limit: 2100

Memory: 4k page, system-wide physical 15694M (1906M free)
TotalPageFile size 29808M (AvailPageFile size 9M)
current process WorkingSet (physical memory assigned to process): 26M, peak: 26M
current process commit charge ("private bytes"): 205M, peak: 206M

vm_info: OpenJDK 64-Bit Server VM (21.0.11+10-LTS) for windows-amd64 JRE (21.0.11+10-LTS), built on 2026-04-21T00:00:00Z by "admin" with MS VC++ 17.12 (VS2022)

END.
